C51 COMPILER V9.01   ADC0832                                                               04/06/2025 12:12:31 PAGE 1   


C51 COMPILER V9.01, COMPILATION OF MODULE ADC0832
OBJECT MODULE PLACED IN .\output\adc0832.obj
COMPILER INVOKED BY: D:\programFile\KEIL4\C51\BIN\C51.EXE bsp\adc0832.c BROWSE INCDIR(.\app;.\bsp) DEBUG OBJECTEXTEND PR
                    -INT(.\listing\adc0832.lst) OBJECT(.\output\adc0832.obj)

line level    source

   1          #include "adc0832.h"
   2          #include <intrins.h>
   3          
   4          
   5          
   6          void delay1(void)
   7          {
   8   1          _nop_();
   9   1          _nop_();
  10   1      }
  11          
  12          void ADC_init(void)
  13          {
  14   1           ADC_DI=1;//初始化通道选择
  15   1          delay1();
  16   1          ADC_CS=0;//拉低/cs端
  17   1          delay1();
  18   1      }
  19          
  20          void ADC_setchn(unsigned char chn)
  21          {
  22   1          if(chn==0)
  23   1              chn=2;
  24   1          if(chn==1)
  25   1              chn=3;
  26   1          
  27   1          ADC_CLK=1;//拉高clk端
  28   1          delay1();
  29   1           ADC_CLK=0;//拉低clk，形成下降沿
  30   1      
  31   1          ADC_DI=(chn & 0x02)>>1;//通道选择高位
  32   1          delay1();
  33   1          ADC_CLK=1;//高
  34   1          delay1();
  35   1          ADC_CLK=0;//下降沿2
  36   1      
  37   1          ADC_DI=(chn & 0x01);//通道选择低位
  38   1          delay1();
  39   1          ADC_CLK=1;//高
  40   1          delay1();
  41   1          ADC_CLK=0;//下降沿3   
  42   1      
  43   1          ADC_DI=1;    //控制命令结束
  44   1          delay1();
  45   1      }
  46          
  47          unsigned char ADC_getdate(void)
  48          {
  49   1          unsigned char j=0,i=8,getdate[2]={0,0},temp=0;
  50   1          
  51   1          ADC_CLK=1;
  52   1          delay1();
  53   1          ADC_CLK=0;//下降沿4
  54   1          delay1();
C51 COMPILER V9.01   ADC0832                                                               04/06/2025 12:12:31 PAGE 2   

  55   1      
  56   1          for(i=0;i<7;i++)     //正序接收
  57   1          {
  58   2              getdate[0] |= ADC_DO;//收数据
  59   2              getdate[0] <<= 1;
  60   2              ADC_CLK=1;
  61   2              delay1();
  62   2              ADC_CLK=0;//下降沿
  63   2              delay1();
  64   2          }
  65   1      
  66   1          getdate[0] |= ADC_DO;
  67   1      
  68   1          temp=ADC_DO;
  69   1          getdate[1] |= (temp<<7);
  70   1         
  71   1          ADC_CLK=1;
  72   1          delay1();
  73   1          ADC_CLK=0;
  74   1          delay1();
  75   1         
  76   1          for(i=0;i<7;i++)     //反序接收
  77   1          {
  78   2             
  79   2              getdate[1] >>= 1;
  80   2              temp=ADC_DO;
  81   2              getdate[1] |= (temp<<7);
  82   2             
  83   2              ADC_CLK=1;
  84   2              delay1();
  85   2              ADC_CLK=0;
  86   2              delay1();
  87   2          }
  88   1      
  89   1          ADC_CS=1;//拉高CS
  90   1      
  91   1          ADC_CLK=0;
  92   1          ADC_DO=1;//拉高数据段，回到初始状态
  93   1         
  94   1          if(getdate[0]==getdate[1])     //判断正反序两次接收的是否相同
  95   1                      return getdate[1];   
  96   1          else
  97   1              return 0;
  98   1      }
  99          
 100          //获取ADC的数据
 101          unsigned char ADC0832(unsigned char chn)
 102          {
 103   1              unsigned char ADval=0;
 104   1         
 105   1              ADC_init();
 106   1              ADC_setchn(chn);
 107   1              ADval=ADC_getdate();
 108   1        
 109   1          return ADval;
 110   1      }


MODULE INFORMATION:   STATIC OVERLAYABLE
   CODE SIZE        =    192    ----
   CONSTANT SIZE    =      2    ----
   XDATA SIZE       =   ----    ----
C51 COMPILER V9.01   ADC0832                                                               04/06/2025 12:12:31 PAGE 3   

   PDATA SIZE       =   ----    ----
   DATA SIZE        =   ----       3
   IDATA SIZE       =   ----    ----
   BIT SIZE         =   ----    ----
END OF MODULE INFORMATION.


C51 COMPILATION COMPLETE.  0 WARNING(S),  0 ERROR(S)
