C51 COMPILER V9.01   MAIN                                                                  03/16/2025 13:52:34 PAGE 1   


C51 COMPILER V9.01, COMPILATION OF MODULE MAIN
OBJECT MODULE PLACED IN .\output\main.obj
COMPILER INVOKED BY: D:\ProgramFiles\KEIL4\C51\BIN\C51.EXE app\main.c BROWSE INCDIR(.\app;.\bsp) DEBUG OBJECTEXTEND PRIN
                    -T(.\listing\main.lst) OBJECT(.\output\main.obj)

line level    source

   1          #include "main.h"
   2          unsigned char Disp[]="Test OK";
   3          
   4          
   5          /*******************************************************************************
   6          * 函 数 名         : main
   7          * 函数功能                 : 主函数
   8          * 输    入         : 无
   9          * 输    出         : 无
  10          *******************************************************************************/
  11          void main(void)
  12          {
  13   1          int i=0;
  14   1              int fanzhuan = 0;
  15   1          unsigned char second, minute, hour;
  16   1              unsigned char adc_data;
  17   1              InitLcd1602();
  18   1          UART_Init();
  19   1              ADC_init();
*** WARNING C206 IN LINE 19 OF APP\MAIN.C: 'ADC_init': missing function-prototype
  20   1          timer0_init();
*** WARNING C206 IN LINE 20 OF APP\MAIN.C: 'timer0_init': missing function-prototype
  21   1      
  22   1               
  23   1          DS3231_Write(0x00, 0x00);  // 设置秒
  24   1          DS3231_Write(0x01, 0x30);  // 设置分钟
  25   1          DS3231_Write(0x02, 0x12);  // 设置小时
  26   1      
  27   1              DS3231_Write(0x03, 0x03);  // 设置week
  28   1              DS3231_Write(0x04, 0x01);  // 设置日
  29   1              DS3231_Write(0x05, 0x01);  // 设置月
  30   1              DS3231_Write(0x06, 0x24);  // 设置年
  31   1      
  32   1              while(1)
  33   1              {   
  34   2                              
  35   2      
  36   2                              if(BUTTON_M==0)
  37   2                              {
  38   3                                              LCDClear();
  39   3                                              ui_setting();
  40   3                              }
  41   2                         RH();
  42   2                        show_dht(U8RH_data_H,U8RH_data_L,U8T_data_H,U8T_data_H);                
  43   2      
  44   2                    if(time_come)
  45   2                        {
  46   3                          time_come=0;
  47   3                          fanzhuan = !fanzhuan;
  48   3                              if(fanzhuan)
  49   3                              {
  50   4      
  51   4                                 show_time();
  52   4      
C51 COMPILER V9.01   MAIN                                                                  03/16/2025 13:52:34 PAGE 2   

  53   4                              }
  54   3                              else
  55   3                              {
  56   4                     LCDClear();
  57   4                                 adc_data = ADC0832();
*** WARNING C209 IN LINE 57 OF APP\MAIN.C: '_ADC0832': too few actual parameters
  58   4                                 LcdWrite(0x80,adc_data/10+0x30);
  59   4                                 LcdWrite(0x80+1,adc_data%10+0x30);
  60   4                                 LcdWrite(0x80+2,'B');
  61   4                                 LcdWrite(0x80+3,'P');
  62   4                                 LcdWrite(0x80+4,'M');
  63   4                              }
  64   3                        }
  65   2              }                               
  66   1      }
*** WARNING C280 IN LINE 15 OF APP\MAIN.C: 'second': unreferenced local variable
*** WARNING C280 IN LINE 15 OF APP\MAIN.C: 'minute': unreferenced local variable
*** WARNING C280 IN LINE 15 OF APP\MAIN.C: 'hour': unreferenced local variable


MODULE INFORMATION:   STATIC OVERLAYABLE
   CODE SIZE        =    193    ----
   CONSTANT SIZE    =   ----    ----
   XDATA SIZE       =   ----    ----
   PDATA SIZE       =   ----    ----
   DATA SIZE        =      8       8
   IDATA SIZE       =   ----    ----
   BIT SIZE         =   ----    ----
END OF MODULE INFORMATION.


C51 COMPILATION COMPLETE.  6 WARNING(S),  0 ERROR(S)
