C51 COMPILER V9.01   UI                                                                    03/14/2025 23:18:25 PAGE 1   


C51 COMPILER V9.01, COMPILATION OF MODULE UI
OBJECT MODULE PLACED IN .\output\ui.obj
COMPILER INVOKED BY: C:\Program Files\KEIL4\C51\BIN\C51.EXE bsp\ui.c BROWSE INCDIR(.\app;.\bsp) DEBUG OBJECTEXTEND PRINT
                    -(.\listing\ui.lst) OBJECT(.\output\ui.obj)

line level    source

   1          #include "ui.h"
   2          
   3          void show_time(void)
   4          {
   5   1                  unsigned char dat;
   6   1                  unsigned char second, minute, hour;
   7   1                      unsigned char year, month, date,week;
   8   1      
   9   1                      dat = DS3231_Read(0x06);
  10   1                      year = ((dat&0x70)>>4)*10+(dat&0x0f);
  11   1                      LcdWrite(0x80+0,year/10+0x30);
  12   1                      LcdWrite(0x80+1,year%10+0x30);
  13   1      
  14   1                      dat = DS3231_Read(0x05);
  15   1                      month = ((dat&0x70)>>4)*10+(dat&0x0f);
  16   1                      LcdWrite(0x80+2,month/10+0x30);
  17   1                      LcdWrite(0x80+3,month%10+0x30);
  18   1      
  19   1                       dat = DS3231_Read(0x04);
  20   1                       date =  ((dat&0x70)>>4)*10+(dat&0x0f);
  21   1                      LcdWrite(0x80+4,date/10+0x30);
  22   1                      LcdWrite(0x80+5,date%10+0x30);
  23   1      
  24   1                      //Ê±¼ä
  25   1      
  26   1                      dat = DS3231_Read(0x02);
  27   1                      hour =  ((dat&0x70)>>4)*10+(dat&0x0f);
  28   1                      LcdWrite(0x80+7,hour/10+0x30);
  29   1                      LcdWrite(0x80+8,hour%10+0x30);
  30   1                      LcdWrite(0x80+9,':');
  31   1      
  32   1      
  33   1                      dat = DS3231_Read(0x01);
  34   1                  minute = ((dat&0x70)>>4)*10+(dat&0x0f);
  35   1                      LcdWrite(0x80+10,minute/10+0x30);
  36   1                      LcdWrite(0x80+11,minute%10+0x30);
  37   1                      LcdWrite(0x80+12,':');
  38   1      
  39   1                      dat = DS3231_Read(0x00);
  40   1                      second = ((dat&0x70)>>4)*10+(dat&0x0f);
  41   1                      LcdWrite(0x80+13,second/10+0x30);
  42   1                      LcdWrite(0x80+14,second%10+0x30);
  43   1      }
*** WARNING C280 IN LINE 7 OF BSP\UI.C: 'week': unreferenced local variable


MODULE INFORMATION:   STATIC OVERLAYABLE
   CODE SIZE        =    314    ----
   CONSTANT SIZE    =   ----    ----
   XDATA SIZE       =   ----    ----
   PDATA SIZE       =   ----    ----
   DATA SIZE        =   ----       7
   IDATA SIZE       =   ----    ----
   BIT SIZE         =   ----    ----
C51 COMPILER V9.01   UI                                                                    03/14/2025 23:18:25 PAGE 2   

END OF MODULE INFORMATION.


C51 COMPILATION COMPLETE.  1 WARNING(S),  0 ERROR(S)
